[2025-10-28 15:55:51,602][__main__][INFO] - Running command: prep
[2025-10-28 15:55:51,604][__main__][INFO] - Configuration:
command: prep
seed: 42
experiment_name: sand_task1
output_dir: runs
data:
  root_dir: data/task1/training
  manifest_dir: data/manifests
  metadata_file: data/task1/sand_task_1.xlsx
  sample_rate: 8000
  tasks:
  - phonationA
  - phonationE
  - phonationI
  - phonationO
  - phonationU
  - rhythmKA
  - rhythmPA
  - rhythmTA
labels:
  num_classes: 5
  class_names:
  - ALS_Severe (1)
  - ALS_Moderate (2)
  - ALS_Mild (3)
  - ALS_None (4)
  - Healthy (5)
  label_mapping:
    1: ALS_Severe (1)
    2: ALS_Moderate (2)
    3: ALS_Mild (3)
    4: ALS_None (4)
    5: Healthy (5)
split:
  test_size: 0.2
  stratify: true
  min_samples_per_subject: 1
features:
  type: mfcc
  mfcc:
    n_mfcc: 20
    n_fft: 2048
    hop_length: 256
    n_mels: 80
    include_deltas: true
    include_delta_deltas: true
    statistics:
    - mean
    - std
    - min
    - max
    - median
    - q25
    - q75
    - iqr
    - skewness
    - kurtosis
    - rms
    - zcr
  egemaps:
    feature_set: eGeMAPSv02
    feature_level: Functionals
model:
  name: xgboost
  use_ensemble: true
  params:
    objective: multi:softmax
    eval_metric: mlogloss
    max_depth: 8
    learning_rate: 0.05
    n_estimators: 2000
    subsample: 0.7
    colsample_bytree: 0.6
    min_child_weight: 3
    gamma: 0.3
    reg_alpha: 0.5
    reg_lambda: 2.0
    scale_pos_weight: 2.0
    random_state: 42
    tree_method: hist
    device: cpu
training:
  cv_folds: 5
  early_stopping_rounds: 100
  use_class_weights: true
  tune_hyperparameters: false
  use_smote: true
  smote_k_neighbors: 3
  smote_sampling_strategy: not majority
  tuning_grid:
    max_depth:
    - 8
    - 10
    learning_rate:
    - 0.05
    - 0.07
    n_estimators:
    - 2000
    min_child_weight:
    - 1
    - 3
    gamma:
    - 0.3
device: mps
verbose: true
save_predictions: true
save_metrics: true
save_confusion_matrix: true
save_feature_importance: true

[2025-10-28 15:55:51,604][sandcli.prep][INFO] - ================================================================================
[2025-10-28 15:55:51,604][sandcli.prep][INFO] - STEP 1: DATA PREPARATION
[2025-10-28 15:55:51,604][sandcli.prep][INFO] - ================================================================================
[2025-10-28 15:55:51,605][sandcli.prep][INFO] - 💾 Reading metadata from: data/task1/sand_task_1.xlsx
[2025-10-28 15:55:51,669][sandcli.prep][INFO] - ✅ Mapping für 272 Subjekte erfolgreich erstellt.
[2025-10-28 15:55:51,670][sandcli.prep][INFO] - Scanning audio files in data/task1/training
[2025-10-28 15:55:51,671][sandcli.prep][INFO] - Found 272 audio files in phonationA
[2025-10-28 15:55:51,745][sandcli.prep][INFO] - Found 272 audio files in phonationE
[2025-10-28 15:55:51,787][sandcli.prep][INFO] - Found 272 audio files in phonationI
[2025-10-28 15:55:51,836][sandcli.prep][INFO] - Found 272 audio files in phonationO
[2025-10-28 15:55:51,881][sandcli.prep][INFO] - Found 272 audio files in phonationU
[2025-10-28 15:55:51,921][sandcli.prep][INFO] - Found 272 audio files in rhythmKA
[2025-10-28 15:55:51,969][sandcli.prep][INFO] - Found 272 audio files in rhythmPA
[2025-10-28 15:55:52,021][sandcli.prep][INFO] - Found 272 audio files in rhythmTA
[2025-10-28 15:55:52,062][sandcli.prep][INFO] - 
================================================================================
[2025-10-28 15:55:52,062][sandcli.prep][INFO] - DATA SUMMARY
[2025-10-28 15:55:52,062][sandcli.prep][INFO] - ================================================================================
[2025-10-28 15:55:52,062][sandcli.prep][INFO] - Total audio files: 2176
[2025-10-28 15:55:52,062][sandcli.prep][INFO] - Unique subjects: 272
[2025-10-28 15:55:52,062][sandcli.prep][INFO] - Tasks: ['phonationA', 'phonationE', 'phonationI', 'phonationO', 'phonationU', 'rhythmKA', 'rhythmPA', 'rhythmTA']
[2025-10-28 15:55:52,062][sandcli.prep][INFO] - 
Label distribution:
[2025-10-28 15:55:52,063][sandcli.prep][INFO] - label
Healthy (5)         856
ALS_None (4)        608
ALS_Mild (3)        456
ALS_Moderate (2)    208
ALS_Severe (1)       48
[2025-10-28 15:55:52,063][sandcli.prep][INFO] - 
Duration statistics (seconds):
[2025-10-28 15:55:52,064][sandcli.prep][INFO] - count    2176.000000
mean       13.818564
std         7.355231
min         0.720000
25%         8.480000
50%        12.400000
75%        17.930000
max        48.240000
[2025-10-28 15:55:52,065][sandcli.prep][INFO] - 
Sample rate distribution:
[2025-10-28 15:55:52,065][sandcli.prep][INFO] - sample_rate
8000    2176
[2025-10-28 15:55:52,071][sandcli.prep][INFO] - 
✅ Manifest saved to: data/manifests/full_manifest.csv
[2025-10-28 15:55:52,071][sandcli.prep][INFO] - 
================================================================================
[2025-10-28 15:55:52,071][sandcli.prep][INFO] - VALIDATION CHECKS
[2025-10-28 15:55:52,071][sandcli.prep][INFO] - ================================================================================
[2025-10-28 15:55:52,072][sandcli.prep][WARNING] - ⚠️  Found 75 very long files (>30s)
[2025-10-28 15:55:52,072][sandcli.prep][INFO] - 
✅ Data preparation complete!
[2025-10-28 15:55:52,072][__main__][INFO] - Command 'prep' completed successfully!
